Script started on 2026-07-12 18:03:29-04:00 [COMMAND="pdfinfo build/thesis.pdf" <not executed on terminal>]
Title:           From Publication Archive to Research Advisor
Subject:         TTLAB Research Intelligence Platform MSc thesis
Creator:         LaTeX with hyperref
Producer:        xdvipdfmx (0.1)
CreationDate:    Sun Jul 12 18:00:27 2026 -04
Custom Metadata: no
Metadata Stream: no
Tagged:          no
UserProperties:  no
Suspects:        no
Form:            none
JavaScript:      no
Pages:           66
Encrypted:       no
Page size:       595.28 x 841.89 pts (A4)
Page rot:        0
File size:       3726050 bytes
Optimized:       no
PDF version:     1.5

Script done on 2026-07-12 18:03:29-04:00 [COMMAND_EXIT_CODE="0"]
